# SPDX-FileCopyrightText: 2022 Serokell <https://serokell.io>
#
# SPDX-License-Identifier: Unlicense

scanners:
  markdown:
    flavor: GitHub

networking:
  externalRefRedirects: Bad
