# SPDX-FileCopyrightText: 2021 Serokell <https://serokell.io>
#
# SPDX-License-Identifier: Unlicense

exclusions:
  notScanned: [ "to-ignore/broken-link.md" ]

scanners:
  markdown:
    flavor: GitHub
