# SPDX-FileCopyrightText: 2022 Serokell <https://serokell.io>
#
# SPDX-License-Identifier: Unlicense

exclusions:
  notScanned:
    - notScanned/inner-directory

scanners:
  markdown:
    flavor: GitHub
