# SPDX-FileCopyrightText: 2021 Serokell <https://serokell.io>
#
# SPDX-License-Identifier: Unlicense

exclusions:
  ignoreRefs:
    - ^(https?|ftps?)://(localhost|127\.0\.0\.1).*

scanners:
  markdown:
    flavor: GitHub
