# SPDX-FileCopyrightText: 2023 Serokell <https://serokell.io>
#
# SPDX-License-Identifier: Unlicense

scanners:
  markdown:
    flavor: GitHub
