# SPDX-FileCopyrightText: 2022 Serokell <https://serokell.io>
#
# SPDX-License-Identifier: Unlicense

exclusions:
  virtualFiles:
    - ../d0f1.md
    - ../../a.md
    - b/../../*
    - DIR2/

scanners:
  markdown:
    flavor: GitHub
