# SPDX-FileCopyrightText: 2021 Serokell <https://serokell.io>
#
# SPDX-License-Identifier: Unlicense

exclusions:
  ignoreExternalRefsTo: []

scanners:
  markdown:
    flavor: GitHub
