# SPDX-FileCopyrightText: 2021 Serokell <https://serokell.io>
#
# SPDX-License-Identifier: Unlicense

exclusions:
  ignoreExternalRefsTo:
    - (https?|ftps?)://(localhost|127\.0\.0\.1).*

scanners:
  markdown:
    flavor: GitHub
