# SPDX-FileCopyrightText: 2022 Serokell <https://serokell.io>
#
# SPDX-License-Identifier: Unlicense

exclusions:
  ignoreLocalRefsTo:
    - ./one/a.md
    - ./two/*
    - ./three/**/*

scanners:
  markdown:
    flavor: GitHub
