# SPDX-FileCopyrightText: 2023 Serokell <https://serokell.io>
#
# SPDX-License-Identifier: Unlicense

exclusions:
  ignore:
    - broken.md
    - outside.md

scanners:
  markdown:
    flavor: GitHub
