# SPDX-FileCopyrightText: 2022 Serokell <https://serokell.io>
#
# SPDX-License-Identifier: Unlicense

traversal:
  ignored:
    - ./to-ignore/inner-directory/broken_annotation.md

scanners:
  markdown:
    flavor: GitHub
