# SPDX-FileCopyrightText: 2022 Serokell <https://serokell.io>
#
# SPDX-License-Identifier: Unlicense

traversal:
  ignored: []

verification:
  anchorSimilarityThreshold: 0.5
  externalRefCheckTimeout: 10s
  notScanned: []
  virtualFiles:
    - ./one/a.md
    - ./two/*
    - ./three/**/*
  ignoreRefs: []
  ignoreAuthFailures: true
  defaultRetryAfter: 30s
  maxRetries: 3

scanners:
  markdown:
    flavor: GitHub
