# SPDX-FileCopyrightText: 2022 Serokell <https://serokell.io>
#
# SPDX-License-Identifier: Unlicense

exclusions:
  ignoreRefsFrom:
    - ./**/*

scanners:
  markdown:
    flavor: GitHub
