# SPDX-FileCopyrightText: 2022 Serokell <https://serokell.io>
#
# SPDX-License-Identifier: Unlicense

exclusions:
  ignoreRefsFrom:
    - ./ignoreRefsFrom/inner-directory/bad-reference.md

scanners:
  markdown:
    flavor: GitHub
